// Jest Snapshot v1, https://goo.gl/fbAQLP

exports[`<RestaurantPage /> renders with default props 1`] = `
<RestaurantPage
  addDish={[Function]}
  data={
    Object {
      "data": Object {
        "dishes": Array [
          Object {
            "availableMeals": Array [
              "lunch",
              "dinner",
            ],
            "id": 1,
            "name": "Chicken Burger",
            "restaurant": "Mc Donalds",
          },
          Object {
            "availableMeals": Array [
              "lunch",
              "dinner",
            ],
            "id": 2,
            "name": "Ham Burger",
            "restaurant": "Mc Donalds",
          },
          Object {
            "availableMeals": Array [
              "lunch",
              "dinner",
            ],
            "id": 3,
            "name": "Cheese Burger",
            "restaurant": "Mc Donalds",
          },
          Object {
            "availableMeals": Array [
              "lunch",
              "dinner",
            ],
            "id": 4,
            "name": "Fries",
            "restaurant": "Mc Donalds",
          },
          Object {
            "availableMeals": Array [
              "breakfast",
            ],
            "id": 5,
            "name": "Egg Muffin",
            "restaurant": "Mc Donalds",
          },
          Object {
            "availableMeals": Array [
              "lunch",
              "dinner",
            ],
            "id": 6,
            "name": "Burrito",
            "restaurant": "Taco Bell",
          },
          Object {
            "availableMeals": Array [
              "lunch",
              "dinner",
            ],
            "id": 7,
            "name": "Tacos",
            "restaurant": "Taco Bell",
          },
          Object {
            "availableMeals": Array [
              "lunch",
              "dinner",
            ],
            "id": 8,
            "name": "Quesadilla",
            "restaurant": "Taco Bell",
          },
          Object {
            "availableMeals": Array [
              "dinner",
            ],
            "id": 9,
            "name": "Steak",
            "restaurant": "BBQ Hut",
          },
          Object {
            "availableMeals": Array [
              "dinner",
            ],
            "id": 10,
            "name": "Yakitori",
            "restaurant": "BBQ Hut",
          },
          Object {
            "availableMeals": Array [
              "dinner",
            ],
            "id": 11,
            "name": "Nankotsu",
            "restaurant": "BBQ Hut",
          },
          Object {
            "availableMeals": Array [
              "dinner",
            ],
            "id": 12,
            "name": "Piman",
            "restaurant": "BBQ Hut",
          },
          Object {
            "availableMeals": Array [
              "lunch",
            ],
            "id": 13,
            "name": "Vegan Bento",
            "restaurant": "Vege Deli",
          },
          Object {
            "availableMeals": Array [
              "breakfast",
            ],
            "id": 14,
            "name": "Coleslaw Sandwich",
            "restaurant": "Vege Deli",
          },
          Object {
            "availableMeals": Array [
              "breakfast",
            ],
            "id": 15,
            "name": "Grilled Sandwich",
            "restaurant": "Vege Deli",
          },
          Object {
            "availableMeals": Array [
              "lunch",
              "dinner",
            ],
            "id": 16,
            "name": "Veg. Salad",
            "restaurant": "Vege Deli",
          },
          Object {
            "availableMeals": Array [
              "lunch",
              "dinner",
            ],
            "id": 17,
            "name": "Fruit Salad",
            "restaurant": "Vege Deli",
          },
          Object {
            "availableMeals": Array [
              "lunch",
              "dinner",
            ],
            "id": 18,
            "name": "Corn Soup",
            "restaurant": "Vege Deli",
          },
          Object {
            "availableMeals": Array [
              "lunch",
              "dinner",
            ],
            "id": 19,
            "name": "Tomato Soup",
            "restaurant": "Vege Deli",
          },
          Object {
            "availableMeals": Array [
              "lunch",
              "dinner",
            ],
            "id": 20,
            "name": "Minestrone Soup",
            "restaurant": "Vege Deli",
          },
          Object {
            "availableMeals": Array [
              "lunch",
              "dinner",
            ],
            "id": 21,
            "name": "Pepperoni Pizza",
            "restaurant": "Pizzeria",
          },
          Object {
            "availableMeals": Array [
              "lunch",
              "dinner",
            ],
            "id": 22,
            "name": "Pepperoni Pizza",
            "restaurant": "Pizzeria",
          },
          Object {
            "availableMeals": Array [
              "lunch",
              "dinner",
            ],
            "id": 23,
            "name": "Hawaiian Pizza",
            "restaurant": "Pizzeria",
          },
          Object {
            "availableMeals": Array [
              "lunch",
              "dinner",
            ],
            "id": 24,
            "name": "Seafood Pizza",
            "restaurant": "Pizzeria",
          },
          Object {
            "availableMeals": Array [
              "dinner",
            ],
            "id": 25,
            "name": "Deep Dish Pizza",
            "restaurant": "Pizzeria",
          },
          Object {
            "availableMeals": Array [
              "lunch",
              "dinner",
            ],
            "id": 26,
            "name": "Chow Mein",
            "restaurant": "Panda Express",
          },
          Object {
            "availableMeals": Array [
              "lunch",
              "dinner",
            ],
            "id": 27,
            "name": "Mapo Tofu",
            "restaurant": "Panda Express",
          },
          Object {
            "availableMeals": Array [
              "lunch",
              "dinner",
            ],
            "id": 28,
            "name": "Kung Pao",
            "restaurant": "Panda Express",
          },
          Object {
            "availableMeals": Array [
              "lunch",
              "dinner",
            ],
            "id": 29,
            "name": "Wontons",
            "restaurant": "Panda Express",
          },
          Object {
            "availableMeals": Array [
              "breakfast",
              "lunch",
              "dinner",
            ],
            "id": 30,
            "name": "Garlic Bread",
            "restaurant": "Olive Garden",
          },
          Object {
            "availableMeals": Array [
              "lunch",
              "dinner",
            ],
            "id": 31,
            "name": "Ravioli",
            "restaurant": "Olive Garden",
          },
          Object {
            "availableMeals": Array [
              "lunch",
              "dinner",
            ],
            "id": 32,
            "name": "Rigatoni Spaghetti",
            "restaurant": "Olive Garden",
          },
          Object {
            "availableMeals": Array [
              "lunch",
              "dinner",
            ],
            "id": 33,
            "name": "Fettucine Pasta",
            "restaurant": "Olive Garden",
          },
        ],
      },
    }
  }
  deleteDish={[Function]}
  dishCollectionReset={[Function]}
  dishCollectionUpdate={[Function]}
  error={
    Object {
      "error": true,
      "errorServing": true,
    }
  }
  landing={
    Object {
      "mealtime": "----",
      "numberOfPeople": "----",
      "verifyLanding": false,
    }
  }
  recordDishes={[Function]}
  restaurant={
    Object {
      "restaurant": "----",
      "verifyRestaurant": false,
    }
  }
  selectMealtime={[Function]}
  selectPeople={[Function]}
  selectRestaurant={[Function]}
  sendError={[Function]}
  sendErrorServing={[Function]}
  sendPageIndex={[Function]}
  store={
    Object {
      "clearActions": [Function],
      "dispatch": [Function],
      "getActions": [Function],
      "getState": [Function],
      "replaceReducer": [Function],
      "subscribe": [Function],
    }
  }
  storeSubscription={
    Subscription {
      "listeners": Object {
        "clear": [Function],
        "get": [Function],
        "notify": [Function],
        "subscribe": [Function],
      },
      "onStateChange": [Function],
      "parentSub": undefined,
      "store": Object {
        "clearActions": [Function],
        "dispatch": [Function],
        "getActions": [Function],
        "getState": [Function],
        "replaceReducer": [Function],
        "subscribe": [Function],
      },
      "unsubscribe": [Function],
    }
  }
  verifyDishes={[Function]}
  verifyLanding={[Function]}
  verifyRestaurant={[Function]}
  verifySubmitted={[Function]}
/>
`;
